
appfix003.hs:7:12:
    No explicit type signatures allowed in alet: a :: t -> t
