
appfix002.hs:8:12:
    No pattern bindings allowed in alet: (b, c) = undefined
